C:\Users\SRIVINAYAGAR\Documents\workspace-spring-tool-suite-4-4.17.1.RELEASE\Freecodecamp\src\main\java\com\freecodecamp\repositoryDAO\PersonDao.java
C:\Users\SRIVINAYAGAR\Documents\workspace-spring-tool-suite-4-4.17.1.RELEASE\Freecodecamp\src\main\java\com\freecodecamp\model\Person.java
C:\Users\SRIVINAYAGAR\Documents\workspace-spring-tool-suite-4-4.17.1.RELEASE\Freecodecamp\src\main\java\com\freecodecamp\service\PersonService.java
C:\Users\SRIVINAYAGAR\Documents\workspace-spring-tool-suite-4-4.17.1.RELEASE\Freecodecamp\src\main\java\com\freecodecamp\repositoryDAO\PostgresService.java
C:\Users\SRIVINAYAGAR\Documents\workspace-spring-tool-suite-4-4.17.1.RELEASE\Freecodecamp\src\main\java\com\freecodecamp\controllerAPI\PersonController.java
C:\Users\SRIVINAYAGAR\Documents\workspace-spring-tool-suite-4-4.17.1.RELEASE\Freecodecamp\src\main\java\com\freecodecamp\FreecodecampApplication.java
C:\Users\SRIVINAYAGAR\Documents\workspace-spring-tool-suite-4-4.17.1.RELEASE\Freecodecamp\src\main\java\com\freecodecamp\repositoryDAO\DataAccessService.java
